###############################################################################
#
# IAR ELF Linker V8.40.1.212/W32 for ARM                  13/Feb/2021  00:55:10
# Copyright 2007-2019 IAR Systems AB.
#
#    Output file  =  D:\STM32F4\Flash\Debug\Exe\ADC.out
#    Map file     =  D:\STM32F4\Flash\Debug\List\ADC.map
#    Command line =
#        -f C:\Users\admin\AppData\Local\Temp\EWDBD.tmp
#        (D:\STM32F4\Flash\Debug\Obj\delay.o D:\STM32F4\Flash\Debug\Obj\flash.o
#        D:\STM32F4\Flash\Debug\Obj\main.o D:\STM32F4\Flash\Debug\Obj\misc.o
#        D:\STM32F4\Flash\Debug\Obj\startup_stm32f4xx.o
#        D:\STM32F4\Flash\Debug\Obj\stm32f4xx_adc.o
#        D:\STM32F4\Flash\Debug\Obj\stm32f4xx_can.o
#        D:\STM32F4\Flash\Debug\Obj\stm32f4xx_crc.o
#        D:\STM32F4\Flash\Debug\Obj\stm32f4xx_cryp.o
#        D:\STM32F4\Flash\Debug\Obj\stm32f4xx_cryp_aes.o
#        D:\STM32F4\Flash\Debug\Obj\stm32f4xx_cryp_des.o
#        D:\STM32F4\Flash\Debug\Obj\stm32f4xx_cryp_tdes.o
#        D:\STM32F4\Flash\Debug\Obj\stm32f4xx_dac.o
#        D:\STM32F4\Flash\Debug\Obj\stm32f4xx_dbgmcu.o
#        D:\STM32F4\Flash\Debug\Obj\stm32f4xx_dcmi.o
#        D:\STM32F4\Flash\Debug\Obj\stm32f4xx_dma.o
#        D:\STM32F4\Flash\Debug\Obj\stm32f4xx_exti.o
#        D:\STM32F4\Flash\Debug\Obj\stm32f4xx_flash.o
#        D:\STM32F4\Flash\Debug\Obj\stm32f4xx_fsmc.o
#        D:\STM32F4\Flash\Debug\Obj\stm32f4xx_gpio.o
#        D:\STM32F4\Flash\Debug\Obj\stm32f4xx_hash.o
#        D:\STM32F4\Flash\Debug\Obj\stm32f4xx_hash_md5.o
#        D:\STM32F4\Flash\Debug\Obj\stm32f4xx_hash_sha1.o
#        D:\STM32F4\Flash\Debug\Obj\stm32f4xx_i2c.o
#        D:\STM32F4\Flash\Debug\Obj\stm32f4xx_iwdg.o
#        D:\STM32F4\Flash\Debug\Obj\stm32f4xx_pwr.o
#        D:\STM32F4\Flash\Debug\Obj\stm32f4xx_rcc.o
#        D:\STM32F4\Flash\Debug\Obj\stm32f4xx_rng.o
#        D:\STM32F4\Flash\Debug\Obj\stm32f4xx_rtc.o
#        D:\STM32F4\Flash\Debug\Obj\stm32f4xx_sdio.o
#        D:\STM32F4\Flash\Debug\Obj\stm32f4xx_spi.o
#        D:\STM32F4\Flash\Debug\Obj\stm32f4xx_syscfg.o
#        D:\STM32F4\Flash\Debug\Obj\stm32f4xx_tim.o
#        D:\STM32F4\Flash\Debug\Obj\stm32f4xx_usart.o
#        D:\STM32F4\Flash\Debug\Obj\stm32f4xx_wwdg.o
#        D:\STM32F4\Flash\Debug\Obj\system_stm32f4xx.o --no_out_extension -o
#        D:\STM32F4\Flash\Debug\Exe\ADC.out --map
#        D:\STM32F4\Flash\Debug\List\ADC.map --config "C:\Program Files
#        (x86)\IAR Systems\Embedded Workbench
#        8.3\arm\config\linker\ST\stm32f407xE.icf" --semihosting --entry
#        __iar_program_start --vfe --text_out locale)
#
###############################################################################

*******************************************************************************
*** RUNTIME MODEL ATTRIBUTES
***

CppFlavor       = *
__SystemLibrary = DLib
__dlib_version  = 6


*******************************************************************************
*** HEAP SELECTION
***

The basic heap was selected because no calls to memory allocation
functions were found in the application outside of system library
functions, and there are calls to deallocation functions in the
application.


*******************************************************************************
*** PLACEMENT SUMMARY
***

"A0":  place at address 0x800'0000 { ro section .intvec };
"P1":  place in [from 0x800'0000 to 0x807'ffff] { ro };
define block CSTACK with size = 8K, alignment = 8 { };
define block HEAP with size = 8K, alignment = 8 { };
"P4":  place in [from 0x2000'0000 to 0x2001'bfff] |
                [from 0x2001'c000 to 0x2001'ffff] {
          rw, block CSTACK, block HEAP };
initialize by copy { rw };

No sections matched the following patterns:

  ro section application_specific_ro  in "P2"
  section .backup_sram                in "P5"
  section .ccram                      in "P3"


  Section            Kind         Address    Size  Object
  -------            ----         -------    ----  ------
"A0":                                       0x188
  .intvec            ro code   0x800'0000   0x188  startup_stm32f4xx.o [1]
                             - 0x800'0188   0x188

"P1":                                       0xdcc
  .text              ro code   0x800'0188   0x1ec  lz77_init.o [4]
  .text              ro code   0x800'0374     0x6  abort.o [2]
  .text              ro code   0x800'037c    0x14  exit.o [5]
  .text              ro code   0x800'0390   0x164  flash.o [1]
  .text              ro code   0x800'04f4   0x128  stm32f4xx_flash.o [1]
  .text              ro code   0x800'061c   0x124  system_stm32f4xx.o [1]
  .text              ro code   0x800'0740    0x4c  main.o [1]
  .text              ro code   0x800'078c    0x28  data_init.o [4]
  .text              ro code   0x800'07b4    0x22  fpinit_M.o [3]
  .iar.init_table    const     0x800'07d8    0x1c  - Linker created -
  .text              ro code   0x800'07f4    0x1e  cmain.o [4]
  .text              ro code   0x800'0812     0x4  low_level_init.o [2]
  .text              ro code   0x800'0816     0x4  exit.o [2]
  .text              ro code   0x800'081c     0xa  cexit.o [4]
  .text              ro code   0x800'0828    0x10  startup_stm32f4xx.o [1]
  .text              ro code   0x800'0838     0xc  cstartup_M.o [4]
  .text              ro code   0x800'0844     0x4  startup_stm32f4xx.o [1]
  .text              ro code   0x800'0848     0x4  startup_stm32f4xx.o [1]
  .text              ro code   0x800'084c     0x4  startup_stm32f4xx.o [1]
  .text              ro code   0x800'0850     0x4  startup_stm32f4xx.o [1]
  .text              ro code   0x800'0854     0x4  startup_stm32f4xx.o [1]
  .text              ro code   0x800'0858     0x4  startup_stm32f4xx.o [1]
  .text              ro code   0x800'085c     0x4  startup_stm32f4xx.o [1]
  .text              ro code   0x800'0860     0x4  startup_stm32f4xx.o [1]
  .text              ro code   0x800'0864     0x4  startup_stm32f4xx.o [1]
  .text              ro code   0x800'0868     0x4  startup_stm32f4xx.o [1]
  .text              ro code   0x800'086c     0x4  startup_stm32f4xx.o [1]
  .text              ro code   0x800'0870     0x4  startup_stm32f4xx.o [1]
  .text              ro code   0x800'0874     0x4  startup_stm32f4xx.o [1]
  .text              ro code   0x800'0878     0x4  startup_stm32f4xx.o [1]
  .text              ro code   0x800'087c     0x4  startup_stm32f4xx.o [1]
  .text              ro code   0x800'0880     0x4  startup_stm32f4xx.o [1]
  .text              ro code   0x800'0884     0x4  startup_stm32f4xx.o [1]
  .text              ro code   0x800'0888     0x4  startup_stm32f4xx.o [1]
  .text              ro code   0x800'088c     0x4  startup_stm32f4xx.o [1]
  .text              ro code   0x800'0890     0x4  startup_stm32f4xx.o [1]
  .text              ro code   0x800'0894     0x4  startup_stm32f4xx.o [1]
  .text              ro code   0x800'0898     0x4  startup_stm32f4xx.o [1]
  .text              ro code   0x800'089c     0x4  startup_stm32f4xx.o [1]
  .text              ro code   0x800'08a0     0x4  startup_stm32f4xx.o [1]
  .text              ro code   0x800'08a4     0x4  startup_stm32f4xx.o [1]
  .text              ro code   0x800'08a8     0x4  startup_stm32f4xx.o [1]
  .text              ro code   0x800'08ac     0x4  startup_stm32f4xx.o [1]
  .text              ro code   0x800'08b0     0x4  startup_stm32f4xx.o [1]
  .text              ro code   0x800'08b4     0x4  startup_stm32f4xx.o [1]
  .text              ro code   0x800'08b8     0x4  startup_stm32f4xx.o [1]
  .text              ro code   0x800'08bc     0x4  startup_stm32f4xx.o [1]
  .text              ro code   0x800'08c0     0x4  startup_stm32f4xx.o [1]
  .text              ro code   0x800'08c4     0x4  startup_stm32f4xx.o [1]
  .text              ro code   0x800'08c8     0x4  startup_stm32f4xx.o [1]
  .text              ro code   0x800'08cc     0x4  startup_stm32f4xx.o [1]
  .text              ro code   0x800'08d0     0x4  startup_stm32f4xx.o [1]
  .text              ro code   0x800'08d4     0x4  startup_stm32f4xx.o [1]
  .text              ro code   0x800'08d8     0x4  startup_stm32f4xx.o [1]
  .text              ro code   0x800'08dc     0x4  startup_stm32f4xx.o [1]
  .text              ro code   0x800'08e0     0x4  startup_stm32f4xx.o [1]
  .text              ro code   0x800'08e4     0x4  startup_stm32f4xx.o [1]
  .text              ro code   0x800'08e8     0x4  startup_stm32f4xx.o [1]
  .text              ro code   0x800'08ec     0x4  startup_stm32f4xx.o [1]
  .text              ro code   0x800'08f0     0x4  startup_stm32f4xx.o [1]
  .text              ro code   0x800'08f4     0x4  startup_stm32f4xx.o [1]
  .text              ro code   0x800'08f8     0x4  startup_stm32f4xx.o [1]
  .text              ro code   0x800'08fc     0x4  startup_stm32f4xx.o [1]
  .text              ro code   0x800'0900     0x4  startup_stm32f4xx.o [1]
  .text              ro code   0x800'0904     0x4  startup_stm32f4xx.o [1]
  .text              ro code   0x800'0908     0x4  startup_stm32f4xx.o [1]
  .text              ro code   0x800'090c     0x4  startup_stm32f4xx.o [1]
  .text              ro code   0x800'0910     0x4  startup_stm32f4xx.o [1]
  .text              ro code   0x800'0914     0x4  startup_stm32f4xx.o [1]
  .text              ro code   0x800'0918     0x4  startup_stm32f4xx.o [1]
  .text              ro code   0x800'091c     0x4  startup_stm32f4xx.o [1]
  .text              ro code   0x800'0920     0x4  startup_stm32f4xx.o [1]
  .text              ro code   0x800'0924     0x4  startup_stm32f4xx.o [1]
  .text              ro code   0x800'0928     0x4  startup_stm32f4xx.o [1]
  .text              ro code   0x800'092c     0x4  startup_stm32f4xx.o [1]
  .text              ro code   0x800'0930     0x4  startup_stm32f4xx.o [1]
  .text              ro code   0x800'0934     0x4  startup_stm32f4xx.o [1]
  .text              ro code   0x800'0938     0x4  startup_stm32f4xx.o [1]
  .text              ro code   0x800'093c     0x4  startup_stm32f4xx.o [1]
  .text              ro code   0x800'0940     0x4  startup_stm32f4xx.o [1]
  .text              ro code   0x800'0944     0x4  startup_stm32f4xx.o [1]
  .text              ro code   0x800'0948     0x4  startup_stm32f4xx.o [1]
  .text              ro code   0x800'094c     0x4  startup_stm32f4xx.o [1]
  .text              ro code   0x800'0950     0x4  startup_stm32f4xx.o [1]
  .text              ro code   0x800'0954     0x4  startup_stm32f4xx.o [1]
  .text              ro code   0x800'0958     0x4  startup_stm32f4xx.o [1]
  .text              ro code   0x800'095c     0x4  startup_stm32f4xx.o [1]
  .text              ro code   0x800'0960     0x4  startup_stm32f4xx.o [1]
  .text              ro code   0x800'0964     0x4  startup_stm32f4xx.o [1]
  .text              ro code   0x800'0968     0x4  startup_stm32f4xx.o [1]
  .text              ro code   0x800'096c     0x4  startup_stm32f4xx.o [1]
  .text              ro code   0x800'0970     0x4  startup_stm32f4xx.o [1]
  .text              ro code   0x800'0974     0x4  startup_stm32f4xx.o [1]
  .text              ro code   0x800'0978     0x4  startup_stm32f4xx.o [1]
  .text              ro code   0x800'097c     0x4  startup_stm32f4xx.o [1]
  .text              ro code   0x800'0980     0x4  startup_stm32f4xx.o [1]
  .text              ro code   0x800'0984     0x4  startup_stm32f4xx.o [1]
  .text              ro code   0x800'0988     0x4  startup_stm32f4xx.o [1]
  .text              ro code   0x800'098c     0x4  startup_stm32f4xx.o [1]
  .text              ro code   0x800'0990     0x4  startup_stm32f4xx.o [1]
  .text              ro code   0x800'0994     0x4  startup_stm32f4xx.o [1]
  .text              ro code   0x800'0998     0x4  startup_stm32f4xx.o [1]
  .text              ro code   0x800'099c     0x4  startup_stm32f4xx.o [1]
  .text              ro code   0x800'09a0     0x4  startup_stm32f4xx.o [1]
  .text              ro code   0x800'09a4     0x4  startup_stm32f4xx.o [1]
  .text              ro code   0x800'09a8     0x4  startup_stm32f4xx.o [1]
  .text              ro code   0x800'09ac     0x4  startup_stm32f4xx.o [1]
  .rodata            const     0x800'09b0     0x0  lz77_init.o [4]
  Initializer bytes  const     0x800'09b0   0x5a4  <for P4 s0>
                             - 0x800'0f54   0xdcc

"P4", part 1 of 2:                          0x834
  P4 s0                       0x2000'0000   0x834  <Init block>
    .data            inited   0x2000'0000   0x820  flash.o [1]
    .data            inited   0x2000'0820     0x4  main.o [1]
    .bss             inited   0x2000'0824     0x4  flash.o [1]
    .bss             inited   0x2000'0828     0x4  flash.o [1]
    .bss             inited   0x2000'082c     0x4  flash.o [1]
    .bss             inited   0x2000'0830     0x4  flash.o [1]
                            - 0x2000'0834   0x834

"P4", part 2 of 2:                         0x2000
  CSTACK                      0x2000'0838  0x2000  <Block>
    CSTACK           uninit   0x2000'0838  0x2000  <Block tail>
                            - 0x2000'2838  0x2000

Unused ranges:

         From           To      Size
         ----           --      ----
   0x800'0f54   0x807'ffff  0x7'f0ac
  0x2000'0834  0x2000'0837       0x4
  0x2000'2838  0x2001'bfff  0x1'97c8
  0x2001'c000  0x2001'ffff    0x4000


*******************************************************************************
*** INIT TABLE
***

          Address      Size
          -------      ----
Copy/lz77 (__iar_lz77_init3)
    1 source range, total size 0x5a4 (68% of destination):
           0x800'09b0  0x5a4
    1 destination range, total size 0x834:
          0x2000'0000  0x834



*******************************************************************************
*** MODULE SUMMARY
***

    Module               ro code  ro data  rw data
    ------               -------  -------  -------
command line/config:
    ----------------------------------------------
    Total:

D:\STM32F4\Flash\Debug\Obj: [1]
    flash.o                  356    1'442    2'096
    main.o                    76        2        4
    startup_stm32f4xx.o      772
    stm32f4xx_flash.o        296
    system_stm32f4xx.o       292
    ----------------------------------------------
    Total:                 1'792    1'444    2'100

dl7M_tln.a: [2]
    abort.o                    6
    exit.o                     4
    low_level_init.o           4
    ----------------------------------------------
    Total:                    14

m7M_tls.a: [3]
    fpinit_M.o                34
    ----------------------------------------------
    Total:                    34

rt7M_tl.a: [4]
    cexit.o                   10
    cmain.o                   30
    cstartup_M.o              12
    data_init.o               40
    lz77_init.o              492
    ----------------------------------------------
    Total:                   584

shb_l.a: [5]
    exit.o                    20
    ----------------------------------------------
    Total:                    20

    Gaps                       6        2
    Linker created                     28    8'192
--------------------------------------------------
    Grand Total:           2'450    1'474   10'292


*******************************************************************************
*** ENTRY LIST
***

Entry                       Address   Size  Type      Object
-----                       -------   ----  ----      ------
.iar.init_table$$Base    0x800'07d8          --   Gb  - Linker created -
.iar.init_table$$Limit   0x800'07f4          --   Gb  - Linker created -
?main                    0x800'07f5         Code  Gb  cmain.o [4]
Address                 0x2000'082c    0x4  Data  Gb  flash.o [1]
Bootloader               0x800'0741   0x2e  Code  Gb  main.o [1]
CSTACK$$Base            0x2000'0838          --   Gb  - Linker created -
CSTACK$$Limit           0x2000'2838          --   Gb  - Linker created -
EndSector               0x2000'0828    0x4  Data  Gb  flash.o [1]
FLASH_EraseSector        0x800'04f5   0x80  Code  Gb  stm32f4xx_flash.o [1]
FLASH_GetStatus          0x800'05b5   0x34  Code  Gb  stm32f4xx_flash.o [1]
FLASH_ProgramWord        0x800'0575   0x40  Code  Gb  stm32f4xx_flash.o [1]
FLASH_WaitForLastOperation
                         0x800'05f5   0x28  Code  Gb  stm32f4xx_flash.o [1]
Flash_write              0x800'0391   0x74  Code  Gb  flash.o [1]
GetSector                0x800'0405   0xa0  Code  Gb  flash.o [1]
InStream_Read            0x800'019d   0x28  Code  Lc  lz77_init.o [4]
InStream_StepRegion      0x800'0189   0x14  Code  Lc  lz77_init.o [4]
OutStream_Write          0x800'01c5   0x42  Code  Lc  lz77_init.o [4]
PROGRAM_START_ADDRESS   0x2000'0820    0x4  Data  Gb  main.o [1]
Region$$Table$$Base      0x800'07d8          --   Gb  - Linker created -
Region$$Table$$Limit     0x800'07f4          --   Gb  - Linker created -
SetSysClock              0x800'0663   0xaa  Code  Lc  system_stm32f4xx.o [1]
StartSector             0x2000'0824    0x4  Data  Gb  flash.o [1]
SystemInit               0x800'061d   0x46  Code  Gb  system_stm32f4xx.o [1]
__cmain                  0x800'07f5         Code  Gb  cmain.o [4]
__exit                   0x800'037d   0x14  Code  Gb  exit.o [5]
__iar_data_init3         0x800'078d   0x28  Code  Gb  data_init.o [4]
__iar_init_vfp           0x800'07b5         Code  Gb  fpinit_M.o [3]
__iar_lz77_init3         0x800'0207  0x16e  Code  Gb  lz77_init.o [4]
__iar_program_start      0x800'0839         Code  Gb  cstartup_M.o [4]
__low_level_init         0x800'0813    0x4  Code  Gb  low_level_init.o [2]
__vector_table           0x800'0000         Data  Gb  startup_stm32f4xx.o [1]
_call_main               0x800'0801         Code  Gb  cmain.o [4]
_exit                    0x800'081d         Code  Gb  cexit.o [4]
_main                    0x800'080f         Code  Gb  cmain.o [4]
abort                    0x800'0375    0x6  Code  Gb  abort.o [2]
data                    0x2000'0000  0x820  Data  Gb  flash.o [1]
exit                     0x800'0817    0x4  Code  Gb  exit.o [2]
i                       0x2000'0830    0x4  Data  Gb  flash.o [1]
main                     0x800'0781    0xc  Code  Gb  main.o [1]


[1] = D:\STM32F4\Flash\Debug\Obj
[2] = dl7M_tln.a
[3] = m7M_tls.a
[4] = rt7M_tl.a
[5] = shb_l.a

   2'450 bytes of readonly  code memory
   1'474 bytes of readonly  data memory
  10'292 bytes of readwrite data memory

Errors: none
Warnings: none
